// Jest Snapshot v1, https://goo.gl/fbAQLP

exports[`download page test check data comparison 1`] = `
"<html><head>
    <meta http-equiv=\\"Content-Type\\" content=\\"text/html\\" charset=\\"utf-8\\">
    <link rel=\\"stylesheet\\" href=\\"government-ru-docs_files/style.css\\">
    <script src=\\"https://diffuser-cdn.app-us1.com/diffuser/diffuser.js\\"></script>
    <script src=\\"government-ru-docs_files/script.js.test\\"></script>
    <script>
      window.dataLayer = window.dataLayer || [];
      function gtag(){dataLayer.push(arguments);}
      gtag('js', new Date());
      gtag('config', 'UA-49925874-3');
    </script>
    <title>Пример веб-страницы</title>
  </head>
  <body>
   <h1>Заголовок</h1>
   <!-- Комментарий -->
   <p>Первый абзац.</p>
   <img src=\\"https://picsum.photos/200/300\\" alt=\\"картина, ресурc в интернете\\">
   <p>Второй абзац.</p>
   <img src=\\"government-ru-docs_files/test.png\\" alt=\\"картина, локальный ресурc\\">
   <p>Text</p>
  

</body></html>"
`;
